13:37 < ane> it's lonely in here
13:38 * derp has joined #gneiss
13:40 < ane> hi derp!
13:55 < derp> hello there
13:59 -!- mode/gneiss [+o ane] by ane
14:40 <@ane> hehe
14:41 < derp> wtf
14:45 -!- derp was kicked from #gneiss by ane [HAHA!]